// Jest Snapshot v1, https://goo.gl/fbAQLP

exports[`render a riot element can accept a constructor 1`] = `"<simpletest hacked=\\"true\\" test=\\"with a parameter\\"><div>HACKED : true ; simple test (with a parameter). Oh, by the way (value is mapped to riotValue)</div></simpletest>"`;

exports[`render a riot element can nest several tags 1`] = `"<matriochka><div><tag1><div>Inside tag1:<ul><li><tag2><div>Inside tag2:<ul><li><tag3><div>Inside tag3:<ul><li><tag4><div>Inside tag4:<ul><li><tag5><div>Inside tag5:<ul><li>Content</li></ul></div></tag5></li></ul></div></tag4></li></ul></div></tag3></li></ul></div></tag2></li></ul></div></tag1></div></matriochka>"`;

exports[`render a riot element can template some vars 1`] = `"<simpletest test=\\"with a parameter\\"><div>simple test (with a parameter). Oh, by the way (value is mapped to riotValue)</div></simpletest>"`;
